{
    "Should run without failures": {
        "content": [
            {
                "multiqc": [
                    [
                        "SRR14022735.txt:md5,816c0b42cee404e51bb572d080d57e2d"
                    ]
                ],
                "gff": [
                    [
                        {
                            "id": "SRR14022735"
                        },
                        "SRR14022735.gff:md5,024ead71b61e5a57daf904cfd782fa4f"
                    ]
                ],
                "annotation_software": [
                    "card.version.txt:md5,aac12a38555b613763f9a8a0bb01b947",
                    "mob.version.txt:md5,51f907f278a82a9f2fc1125dc528c514",
                    "rgi.version.txt:md5,0c324d0f9ff6c20c87e11fdb36877197",
                    "versions.yml:md5,72f6cd794b597ebd14c38b28dd879e27",
                    "versions.yml:md5,35bc3fab77dd594ca553b7652ec0c623"
                ]
            }
        ],
        "timestamp": "2023-02-07T18:32:11+0000"
    }
}